
> frontend@0.0.0 build
> tsc -b && vite build

src/App.tsx(6,3): error TS6133: 'User' is declared but its value is never read.
src/App.tsx(7,3): error TS6133: 'Users' is declared but its value is never read.
src/App.tsx(8,3): error TS6133: 'HardHat' is declared but its value is never read.
src/App.tsx(9,3): error TS6133: 'ClipboardList' is declared but its value is never read.
src/App.tsx(10,3): error TS6133: 'ShieldCheck' is declared but its value is never read.
src/App.tsx(11,3): error TS6133: 'HelpCircle' is declared but its value is never read.
src/App.tsx(13,3): error TS6133: 'Plus' is declared but its value is never read.
src/App.tsx(14,3): error TS6133: 'Download' is declared but its value is never read.
src/App.tsx(15,3): error TS6133: 'Check' is declared but its value is never read.
src/App.tsx(21,3): error TS6133: 'DollarSign' is declared but its value is never read.
src/App.tsx(22,3): error TS6133: 'Cpu' is declared but its value is never read.
src/App.tsx(23,3): error TS6133: 'Calendar' is declared but its value is never read.
src/App.tsx(25,3): error TS6133: 'Activity' is declared but its value is never read.
src/App.tsx(27,3): error TS6133: 'Sparkles' is declared but its value is never read.
src/App.tsx(30,3): error TS6133: 'CheckSquare' is declared but its value is never read.
src/App.tsx(101,10): error TS6133: 'sessionUser' is declared but its value is never read.
src/App.tsx(121,21): error TS6133: 'setEmployees' is declared but its value is never read.
src/App.tsx(144,15): error TS6133: 'data' is declared but its value is never read.
src/App.tsx(223,15): error TS6133: 'data' is declared but its value is never read.
src/App.tsx(254,15): error TS6133: 'data' is declared but its value is never read.
src/App.tsx(287,15): error TS6133: 'data' is declared but its value is never read.
src/App.tsx(449,101): error TS2322: Type '{ children: Element; class: string; }' is not assignable to type 'DetailedHTMLProps<HTMLAttributes<HTMLDivElement>, HTMLDivElement>'.
  Property 'class' does not exist on type 'DetailedHTMLProps<HTMLAttributes<HTMLDivElement>, HTMLDivElement>'. Did you mean 'className'?
src/App.tsx(450,102): error TS2322: Type '{ children: Element; class: string; }' is not assignable to type 'DetailedHTMLProps<HTMLAttributes<HTMLDivElement>, HTMLDivElement>'.
  Property 'class' does not exist on type 'DetailedHTMLProps<HTMLAttributes<HTMLDivElement>, HTMLDivElement>'. Did you mean 'className'?
src/App.tsx(451,104): error TS2322: Type '{ children: Element; class: string; }' is not assignable to type 'DetailedHTMLProps<HTMLAttributes<HTMLDivElement>, HTMLDivElement>'.
  Property 'class' does not exist on type 'DetailedHTMLProps<HTMLAttributes<HTMLDivElement>, HTMLDivElement>'. Did you mean 'className'?
src/App.tsx(452,107): error TS2322: Type '{ children: Element; class: string; }' is not assignable to type 'DetailedHTMLProps<HTMLAttributes<HTMLDivElement>, HTMLDivElement>'.
  Property 'class' does not exist on type 'DetailedHTMLProps<HTMLAttributes<HTMLDivElement>, HTMLDivElement>'. Did you mean 'className'?
src/App.tsx(453,101): error TS2322: Type '{ children: Element; class: string; }' is not assignable to type 'DetailedHTMLProps<HTMLAttributes<HTMLDivElement>, HTMLDivElement>'.
  Property 'class' does not exist on type 'DetailedHTMLProps<HTMLAttributes<HTMLDivElement>, HTMLDivElement>'. Did you mean 'className'?
